// Jest Snapshot v1, https://goo.gl/fbAQLP

exports[`Initial page load snapshot 1`] = `
<body>
  <h1
    class="title"
  >
    Battlescope
  </h1>
  <h3
    class="game-announce"
  />
  <main
    class="play-area"
  >
    <section
      class="enemy"
    >
      <h2
        class="subtitle enemy-title"
      >
        Opponent Ocean
      </h2>
      <h3
        class="announce-panel"
      />
      <div
        class="board-fleet"
      >
        <div
          class="board enemy-board"
        >
          <div
            class="square"
            data-pos="00"
          />
          <div
            class="square"
            data-pos="01"
          />
          <div
            class="square"
            data-pos="02"
          />
          <div
            class="square"
            data-pos="03"
          />
          <div
            class="square"
            data-pos="04"
          />
          <div
            class="square"
            data-pos="05"
          />
          <div
            class="square"
            data-pos="06"
          />
          <div
            class="square"
            data-pos="07"
          />
          <div
            class="square"
            data-pos="08"
          />
          <div
            class="square"
            data-pos="09"
          />
          <div
            class="square"
            data-pos="10"
          />
          <div
            class="square"
            data-pos="11"
          />
          <div
            class="square"
            data-pos="12"
          />
          <div
            class="square"
            data-pos="13"
          />
          <div
            class="square"
            data-pos="14"
          />
          <div
            class="square"
            data-pos="15"
          />
          <div
            class="square"
            data-pos="16"
          />
          <div
            class="square"
            data-pos="17"
          />
          <div
            class="square"
            data-pos="18"
          />
          <div
            class="square"
            data-pos="19"
          />
          <div
            class="square"
            data-pos="20"
          />
          <div
            class="square"
            data-pos="21"
          />
          <div
            class="square"
            data-pos="22"
          />
          <div
            class="square"
            data-pos="23"
          />
          <div
            class="square"
            data-pos="24"
          />
          <div
            class="square"
            data-pos="25"
          />
          <div
            class="square"
            data-pos="26"
          />
          <div
            class="square"
            data-pos="27"
          />
          <div
            class="square"
            data-pos="28"
          />
          <div
            class="square"
            data-pos="29"
          />
          <div
            class="square"
            data-pos="30"
          />
          <div
            class="square"
            data-pos="31"
          />
          <div
            class="square"
            data-pos="32"
          />
          <div
            class="square"
            data-pos="33"
          />
          <div
            class="square"
            data-pos="34"
          />
          <div
            class="square"
            data-pos="35"
          />
          <div
            class="square"
            data-pos="36"
          />
          <div
            class="square"
            data-pos="37"
          />
          <div
            class="square"
            data-pos="38"
          />
          <div
            class="square"
            data-pos="39"
          />
          <div
            class="square"
            data-pos="40"
          />
          <div
            class="square"
            data-pos="41"
          />
          <div
            class="square"
            data-pos="42"
          />
          <div
            class="square"
            data-pos="43"
          />
          <div
            class="square"
            data-pos="44"
          />
          <div
            class="square"
            data-pos="45"
          />
          <div
            class="square"
            data-pos="46"
          />
          <div
            class="square"
            data-pos="47"
          />
          <div
            class="square"
            data-pos="48"
          />
          <div
            class="square"
            data-pos="49"
          />
          <div
            class="square"
            data-pos="50"
          />
          <div
            class="square"
            data-pos="51"
          />
          <div
            class="square"
            data-pos="52"
          />
          <div
            class="square"
            data-pos="53"
          />
          <div
            class="square"
            data-pos="54"
          />
          <div
            class="square"
            data-pos="55"
          />
          <div
            class="square"
            data-pos="56"
          />
          <div
            class="square"
            data-pos="57"
          />
          <div
            class="square"
            data-pos="58"
          />
          <div
            class="square"
            data-pos="59"
          />
          <div
            class="square"
            data-pos="60"
          />
          <div
            class="square"
            data-pos="61"
          />
          <div
            class="square"
            data-pos="62"
          />
          <div
            class="square"
            data-pos="63"
          />
          <div
            class="square"
            data-pos="64"
          />
          <div
            class="square"
            data-pos="65"
          />
          <div
            class="square"
            data-pos="66"
          />
          <div
            class="square"
            data-pos="67"
          />
          <div
            class="square"
            data-pos="68"
          />
          <div
            class="square"
            data-pos="69"
          />
          <div
            class="square"
            data-pos="70"
          />
          <div
            class="square"
            data-pos="71"
          />
          <div
            class="square"
            data-pos="72"
          />
          <div
            class="square"
            data-pos="73"
          />
          <div
            class="square"
            data-pos="74"
          />
          <div
            class="square"
            data-pos="75"
          />
          <div
            class="square"
            data-pos="76"
          />
          <div
            class="square"
            data-pos="77"
          />
          <div
            class="square"
            data-pos="78"
          />
          <div
            class="square"
            data-pos="79"
          />
          <div
            class="square"
            data-pos="80"
          />
          <div
            class="square"
            data-pos="81"
          />
          <div
            class="square"
            data-pos="82"
          />
          <div
            class="square"
            data-pos="83"
          />
          <div
            class="square"
            data-pos="84"
          />
          <div
            class="square"
            data-pos="85"
          />
          <div
            class="square"
            data-pos="86"
          />
          <div
            class="square"
            data-pos="87"
          />
          <div
            class="square"
            data-pos="88"
          />
          <div
            class="square"
            data-pos="89"
          />
          <div
            class="square"
            data-pos="90"
          />
          <div
            class="square"
            data-pos="91"
          />
          <div
            class="square"
            data-pos="92"
          />
          <div
            class="square"
            data-pos="93"
          />
          <div
            class="square"
            data-pos="94"
          />
          <div
            class="square"
            data-pos="95"
          />
          <div
            class="square"
            data-pos="96"
          />
          <div
            class="square"
            data-pos="97"
          />
          <div
            class="square"
            data-pos="98"
          />
          <div
            class="square"
            data-pos="99"
          />
        </div>
        <div
          class="sunk-fleet"
        />
      </div>
    </section>
    <section
      class="own"
    >
      <h2
        class="subtitle own-title"
      >
        Your Ocean
      </h2>
      <h3
        class="announce-panel"
      />
      <div
        class="board-fleet"
      >
        <div
          class="board own-board"
        >
          <div
            class="square"
            data-pos="00"
          />
          <div
            class="square"
            data-pos="01"
          />
          <div
            class="square"
            data-pos="02"
          />
          <div
            class="square"
            data-pos="03"
          />
          <div
            class="square"
            data-pos="04"
          />
          <div
            class="square"
            data-pos="05"
          />
          <div
            class="square"
            data-pos="06"
          />
          <div
            class="square"
            data-pos="07"
          />
          <div
            class="square"
            data-pos="08"
          />
          <div
            class="square"
            data-pos="09"
          />
          <div
            class="square"
            data-pos="10"
          />
          <div
            class="square"
            data-pos="11"
          />
          <div
            class="square"
            data-pos="12"
          />
          <div
            class="square"
            data-pos="13"
          />
          <div
            class="square"
            data-pos="14"
          />
          <div
            class="square"
            data-pos="15"
          />
          <div
            class="square"
            data-pos="16"
          />
          <div
            class="square"
            data-pos="17"
          />
          <div
            class="square"
            data-pos="18"
          />
          <div
            class="square"
            data-pos="19"
          />
          <div
            class="square"
            data-pos="20"
          />
          <div
            class="square"
            data-pos="21"
          />
          <div
            class="square"
            data-pos="22"
          />
          <div
            class="square"
            data-pos="23"
          />
          <div
            class="square"
            data-pos="24"
          />
          <div
            class="square"
            data-pos="25"
          />
          <div
            class="square"
            data-pos="26"
          />
          <div
            class="square"
            data-pos="27"
          />
          <div
            class="square"
            data-pos="28"
          />
          <div
            class="square"
            data-pos="29"
          />
          <div
            class="square"
            data-pos="30"
          />
          <div
            class="square"
            data-pos="31"
          />
          <div
            class="square"
            data-pos="32"
          />
          <div
            class="square"
            data-pos="33"
          />
          <div
            class="square"
            data-pos="34"
          />
          <div
            class="square"
            data-pos="35"
          />
          <div
            class="square"
            data-pos="36"
          />
          <div
            class="square"
            data-pos="37"
          />
          <div
            class="square"
            data-pos="38"
          />
          <div
            class="square"
            data-pos="39"
          />
          <div
            class="square"
            data-pos="40"
          />
          <div
            class="square"
            data-pos="41"
          />
          <div
            class="square"
            data-pos="42"
          />
          <div
            class="square"
            data-pos="43"
          />
          <div
            class="square"
            data-pos="44"
          />
          <div
            class="square"
            data-pos="45"
          />
          <div
            class="square"
            data-pos="46"
          />
          <div
            class="square"
            data-pos="47"
          />
          <div
            class="square"
            data-pos="48"
          />
          <div
            class="square"
            data-pos="49"
          />
          <div
            class="square"
            data-pos="50"
          />
          <div
            class="square"
            data-pos="51"
          />
          <div
            class="square"
            data-pos="52"
          />
          <div
            class="square"
            data-pos="53"
          />
          <div
            class="square"
            data-pos="54"
          />
          <div
            class="square"
            data-pos="55"
          />
          <div
            class="square"
            data-pos="56"
          />
          <div
            class="square"
            data-pos="57"
          />
          <div
            class="square"
            data-pos="58"
          />
          <div
            class="square"
            data-pos="59"
          />
          <div
            class="square"
            data-pos="60"
          />
          <div
            class="square"
            data-pos="61"
          />
          <div
            class="square"
            data-pos="62"
          />
          <div
            class="square"
            data-pos="63"
          />
          <div
            class="square"
            data-pos="64"
          />
          <div
            class="square"
            data-pos="65"
          />
          <div
            class="square"
            data-pos="66"
          />
          <div
            class="square"
            data-pos="67"
          />
          <div
            class="square"
            data-pos="68"
          />
          <div
            class="square"
            data-pos="69"
          />
          <div
            class="square"
            data-pos="70"
          />
          <div
            class="square"
            data-pos="71"
          />
          <div
            class="square"
            data-pos="72"
          />
          <div
            class="square"
            data-pos="73"
          />
          <div
            class="square"
            data-pos="74"
          />
          <div
            class="square"
            data-pos="75"
          />
          <div
            class="square"
            data-pos="76"
          />
          <div
            class="square"
            data-pos="77"
          />
          <div
            class="square"
            data-pos="78"
          />
          <div
            class="square"
            data-pos="79"
          />
          <div
            class="square"
            data-pos="80"
          />
          <div
            class="square"
            data-pos="81"
          />
          <div
            class="square"
            data-pos="82"
          />
          <div
            class="square"
            data-pos="83"
          />
          <div
            class="square"
            data-pos="84"
          />
          <div
            class="square"
            data-pos="85"
          />
          <div
            class="square"
            data-pos="86"
          />
          <div
            class="square"
            data-pos="87"
          />
          <div
            class="square"
            data-pos="88"
          />
          <div
            class="square"
            data-pos="89"
          />
          <div
            class="square"
            data-pos="90"
          />
          <div
            class="square"
            data-pos="91"
          />
          <div
            class="square"
            data-pos="92"
          />
          <div
            class="square"
            data-pos="93"
          />
          <div
            class="square"
            data-pos="94"
          />
          <div
            class="square"
            data-pos="95"
          />
          <div
            class="square"
            data-pos="96"
          />
          <div
            class="square"
            data-pos="97"
          />
          <div
            class="square"
            data-pos="98"
          />
          <div
            class="square"
            data-pos="99"
          />
        </div>
        <div
          class="sunk-fleet"
        />
      </div>
    </section>
  </main>
  <div
    class="start-screen"
  >
    <h1
      class="start-title"
    >
      BattleSCOPE
    </h1>
    <div
      class="scope"
    />
    <h2
      class="start-subtitle"
    >
      A friendlier take on the classic game Battleship
    </h2>
    <p
      class="directions"
    >
      DIRECTIONS: Explore your opponent's ocean with your underwater scope. The first to spot all five sea creatures wins! In 2-PLAYER-MODE each turn grants five scope attempts.
    </p>
    <button
      class="single-player-button"
    >
      1-Player
    </button>
    <button
      class="two-player-button"
    >
      2-Player
    </button>
  </div>
</body>
`;
